                    00001           ;Programm zum Test des 16F84-Simulators.
                    00002           ;Es werden einige wichtigen Befehle überprüft.
                    00003           ;(c) St. Lehmann   Ersterstellung: 23.01.2003
                    00004           ;14.01.2004 TRIS und OPTION ersetzt durch MOVWF
                    00005           ;10.04.2014 überarbeitet (-> meherere Dateien)
                    00006           
                    00007           ;Zuerst wird der Speicherbereich von 10H bis 1FH mit den Zahlen
                    00008           ;00, 01, 02, 03, usw. bis 0FH beschrieben. Danach werden die Inhalte
                    00009           ;aus diesen Speicherzellen addiert.
                    00010           ;Nach weiteren Verknüpfungen muss an 0EH der Wert 0FH und
                    00011           ;an 0FH der Wert 87 stehen
                    00012           
                    00013           list c=132          ;Zeilenlänge im LST auf 132 Zeichen setzen
                    00014           
                    00015           
                    00016           ;Definition einiger Symbole
                    00017           indirect equ 0
                    00018           status   equ 03h
                    00019           fsr      equ 04h
                    00020           ra       equ 05h
                    00021           rb       equ 06h
                    00022           count    equ 0ch
                    00023           
                    00024           ;Definition des Prozessors
                    00025           device 16F84
                    00026           ;Festlegen des Codebeginns
                    00027           org 0
                    00028  start    
0000 2817           00029           goto main           ;Unterprogramme überspringen
                    00030           ;****** Hier liegen die gesamten Unterprogramme
                    00031           ;der Speicherbereich 10h bis 1fh wird mit 00h bis 0fh gefüllt
                    00032  fillinc  
0001 3010           00033           movlw 16            ;Schleifenzähler
0002 008C           00034           movwf count
0003 3010           00035           movlw 10h           ;Startzeiger initialisieren
0004 0084           00036           movwf fsr           ;Zeiger ins FSR
0005 0100           00037           clrw
                    00038  loop1    
0006 0080           00039           movwf indirect      ;Wert indirekt abspeichern
0007 0A84           00040           incf fsr            ;Zeiger erhöhen
0008 3E01           00041           addlw 1             ;W-Register erhöhen (es gibt kein INC W)
0009 0B8C           00042           decfsz count        ;Schleifenzähler erniedrigen
000A 2806           00043           goto loop1          ;wiederholen bis F08 auf 0 ist
000B 3400           00044           retlw 0
                    00045           ;Es wird die Summe aus den Inhalten von 10H bis 1Fh gebildet.
                    00046           ;(Quersumme, wird oft als einfache Prüfsumme verwendet werden)
                    00047  qsumme   
000C 3010           00048           movlw 10h           ;Schleifenzähler initialisieren
000D 008C           00049           movwf count
000E 0084           00050           movwf fsr           ;Startzeiger initialsieren
000F 0100           00051           clrw                ;Summenregister löschen
                    00052  loop2    
0010 0700           00053           addwf indirect,w    ;Speicherinhalt zu W addieren
0011 0A84           00054           incf fsr
0012 0B8C           00055           decfsz count
0013 2810           00056           goto loop2
0014 008F           00057           movwf 0fh           ;Ergebnis abspeichern
0015 098F           00058           comf 0fh            ;Komplement bilden
0016 3400           00059           retlw 0             ;Unterprogrammende
                    00060           ;****** Hier beginnt das Hauptprogramm  **************         
                    00061  main       
0017 2001           00062           call fillinc        ;Speicherbereich füllen
0018 200C           00063           call qsumme         ;Quersumme berechnen
0019 090F           00064           comf 0fh,w          ;Ergebnis holen
001A 020F           00065           subwf 0fh,w         ;vom Orginalwert abziehen
001B 008E           00066           movwf 0eh           ;neues Ergebnis abspeichern.
                    00067           
001C 30FF           00068           movlw 0ffh             
001D 1683           00069           bsf status,5        ;auf Bank 1 umschalten
001E 0086           00070           movwf 6             ;=freg 86H  Port B alles Eingang
001F 1283           00071           bcf status,5        ;zurück auf Bank 0
                    00072           
                    00073  main1    
0020 1806           00074           btfsc rb,0
0021 2820           00075           goto main1          ;warten bis RB0 auf 0
                    00076  main2    
0022 1C06           00077           btfss rb,0
0023 2822           00078           goto main2          ;warten bis rb0 wieder 1         
                    00079  ende     
0024 2824           00080           goto ende           ;Endlosschleife, verhindert Nirwana
                    00081           
                    00082             
